
> tema-metro@0.0.0 build
> tsc -b && vite build

[36mvite v8.0.16 [32mbuilding client environment for production...[36m[39m
[2K
transforming...Γ£ô 1977 modules transformed.
rendering chunks...
computing gzip size...
dist/index.html                          0.46 kB Γöé gzip:   0.29 kB
dist/assets/index-Dku6wavu.css           0.20 kB Γöé gzip:   0.17 kB
dist/assets/purify.es-C77DcmJ7.js       26.09 kB Γöé gzip:  10.18 kB
dist/assets/index.es-CQguuRhF.js       151.38 kB Γöé gzip:  48.88 kB
dist/assets/html2canvas-BMvIN90Z.js    199.56 kB Γöé gzip:  46.78 kB
dist/assets/index-DZEZ2Ui-.js        1,267.67 kB Γöé gzip: 388.26 kB

node.exe : [33m[33m[PLUGIN_TIMINGS] [0mYour build spent significant time in plugins. Here is a breakdown:
At line:1 char:1
+ & "C:\Program Files\nodejs/node.exe" "C:\Program Files\nodejs/node_mo ...
+ ~~~~~~~~~~~~~~~~~~~~~~~~~~~~~~~~~~~~~~~~~~~~~~~~~~~~~~~~~~~~~~~~~~~~~
    + CategoryInfo          : NotSpecified: ([33m[33m[PLUG...is a breakdown::String) [], RemoteException
    + FullyQualifiedErrorId : NativeCommandError
 
  - rolldown:vite-resolve (37%)
  - vite:worker-import-meta-url (14%)
  - vite:css (12%)
  - vite:asset-import-meta-url (11%)
See https://rolldown.rs/options/checks#plugintimings for more details.
[39m
[33m[plugin builtin:vite-reporter] 
(!) Some chunks are larger than 500 kB after minification. Consider:
- Using dynamic import() to code-split the application
- Use build.rolldownOptions.output.codeSplitting to improve chunking: 
https://rolldown.rs/reference/OutputOptions.codeSplitting
- Adjust chunk size limit for this warning via build.chunkSizeWarningLimit.[39m
[32mΓ£ô built in 10.51s[39m
